2025-05-01 09:42:42,678 logger [INFO] [/home/mountain/workspace/CloudDisk/Draft00/src/CloudDiskServer.cc:start():29] CloudDiskServer start success!
2025-05-01 09:53:37,093 logger [INFO] [/home/mountain/workspace/CloudDisk/Draft00/src/CloudDiskServer.cc:operator()():92] SignupService ip = 127.0.0.1, port = 1412
2025-05-01 10:15:33,736 logger [INFO] [/home/mountain/workspace/CloudDisk/Draft00/src/CloudDiskServer.cc:operator()():92] SignupService ip = 127.0.0.1, port = 1412
2025-05-01 16:35:31,553 logger [INFO] [/home/mountain/workspace/CloudDisk/Draft00/src/CloudDiskServer.cc:start():30] CloudDiskServer start success!
2025-05-01 16:35:47,235 logger [INFO] [/home/mountain/workspace/CloudDisk/Draft00/src/CloudDiskServer.cc:operator()():95] SignupService ip = 127.0.0.1, port = 1412
2025-05-01 16:35:47,265 logger [INFO] [/home/mountain/workspace/CloudDisk/Draft00/signup_server/signup_server.cc:Signup():23] username: qwer password: 1234
2025-05-01 16:35:47,271 logger [INFO] [/home/mountain/workspace/CloudDisk/Draft00/signup_server/signup_server.cc:Signup():28] salt: $6$Gybm9OWautoMyChk$ encrypted_pwd: $6$Gybm9OWautoMyChk$nwbAmhvuGbTyfM4xkTayGq3F4AyTKXO4ZpsSJmTtJ4.UKd9NxUJW6Uvq/Cnv905zjAkeTPGmR3zbGKksfQ0.x0
2025-05-01 16:35:47,271 logger [INFO] [/home/mountain/workspace/CloudDisk/Draft00/signup_server/signup_server.cc:Signup():32] INSERT INTO CloudDisk.User(username, salt, passwd) VALUES('qwer', '$6$Gybm9OWautoMyChk$', '$6$Gybm9OWautoMyChk$nwbAmhvuGbTyfM4xkTayGq3F4AyTKXO4ZpsSJmTtJ4.UKd9NxUJW6Uvq/Cnv905zjAkeTPGmR3zbGKksfQ0.x0')
2025-05-01 16:35:47,927 logger [INFO] [/home/mountain/workspace/CloudDisk/Draft00/signup_server/signup_server.cc:operator()():59] Query OK, 1 row affected
2025-05-01 16:39:51,255 logger [INFO] [/home/mountain/workspace/CloudDisk/Draft00/src/CloudDiskServer.cc:start():30] CloudDiskServer start success!
2025-05-01 16:41:55,751 logger [INFO] [/home/mountain/workspace/CloudDisk/Draft00/src/CloudDiskServer.cc:start():30] CloudDiskServer start success!
2025-05-01 16:42:04,407 logger [INFO] [/home/mountain/workspace/CloudDisk/Draft00/src/CloudDiskServer.cc:start():30] CloudDiskServer start success!
2025-05-01 16:46:15,894 logger [INFO] [/home/mountain/workspace/CloudDisk/Draft00/src/CloudDiskServer.cc:start():30] CloudDiskServer start success!
2025-05-01 16:47:53,162 logger [INFO] [/home/mountain/workspace/CloudDisk/Draft00/src/CloudDiskServer.cc:start():30] CloudDiskServer start success!
2025-05-01 16:52:46,117 logger [INFO] [/home/mountain/workspace/CloudDisk/Draft00/src/CloudDiskServer.cc:start():30] CloudDiskServer start success!
2025-05-01 17:00:24,948 logger [INFO] [/home/mountain/workspace/CloudDisk/Draft00/src/CloudDiskServer.cc:start():30] CloudDiskServer start success!
2025-05-01 17:00:58,076 logger [INFO] [/home/mountain/workspace/CloudDisk/Draft00/src/CloudDiskServer.cc:start():30] CloudDiskServer start success!
2025-05-01 17:02:38,363 logger [INFO] [/home/mountain/workspace/CloudDisk/Draft00/src/CloudDiskServer.cc:start():30] CloudDiskServer start success!
2025-05-01 17:04:06,880 logger [INFO] [/home/mountain/workspace/CloudDisk/Draft00/src/CloudDiskServer.cc:start():30] CloudDiskServer start success!
2025-05-01 17:04:49,478 logger [INFO] [/home/mountain/workspace/CloudDisk/Draft00/src/CloudDiskServer.cc:start():30] CloudDiskServer start success!
2025-05-05 21:24:12,801 logger [INFO] [/home/mountain/workspace/CloudDisk/Draft00/src/CloudDiskServer.cc:start():31] CloudDiskServer start success!
2025-05-05 21:26:51,767 logger [INFO] [/home/mountain/workspace/CloudDisk/Draft00/src/CloudDiskServer.cc:operator()():96] SignupService ip = 127.0.0.1, port = 1412
2025-05-05 21:26:51,770 logger [INFO] [/home/mountain/workspace/CloudDisk/Draft00/signup_server/signup_server.cc:Signup():25] username: qewr password: qwer
2025-05-05 21:26:51,773 logger [INFO] [/home/mountain/workspace/CloudDisk/Draft00/signup_server/signup_server.cc:Signup():30] salt: $6$bPE6t8eJJIzXjYzS$ encrypted_pwd: $6$bPE6t8eJJIzXjYzS$3PMKaYLSdAQzF5kF4HMn3m.Le3zStJ5R5WnTXUE2BRAlu1kZfZT3Vk9tTcrxgm7ucXbG6EAt5iqU9pLgsADQ90
2025-05-05 21:26:51,882 logger [INFO] [/home/mountain/workspace/CloudDisk/Draft00/signup_server/signup_server.cc:operator()():66] Query OK, 1 row affected
2025-05-05 21:28:51,292 logger [INFO] [/home/mountain/workspace/CloudDisk/Draft00/src/CloudDiskServer.cc:start():31] CloudDiskServer start success!
2025-05-05 21:29:09,083 logger [INFO] [/home/mountain/workspace/CloudDisk/Draft00/src/CloudDiskServer.cc:start():31] CloudDiskServer start success!
2025-05-05 21:30:07,045 logger [INFO] [/home/mountain/workspace/CloudDisk/Draft00/src/CloudDiskServer.cc:start():31] CloudDiskServer start success!
2025-05-05 21:31:42,892 logger [INFO] [/home/mountain/workspace/CloudDisk/Draft00/src/CloudDiskServer.cc:start():31] CloudDiskServer start success!
2025-05-05 21:31:45,422 logger [INFO] [/home/mountain/workspace/CloudDisk/Draft00/src/CloudDiskServer.cc:operator()():171] 1 row in set
2025-05-05 21:33:30,005 logger [INFO] [/home/mountain/workspace/CloudDisk/Draft00/src/CloudDiskServer.cc:start():31] CloudDiskServer start success!
2025-05-06 20:20:47,096 logger [INFO] [/home/mountain/workspace/CloudDisk/Draft00/src/CloudDiskServer.cc:start():31] CloudDiskServer start success!
2025-05-06 20:24:13,919 logger [INFO] [/home/mountain/workspace/CloudDisk/Draft00/src/CloudDiskServer.cc:operator()():171] 0 row in set
2025-05-06 20:24:53,454 logger [INFO] [/home/mountain/workspace/CloudDisk/Draft00/src/CloudDiskServer.cc:start():31] CloudDiskServer start success!
2025-05-06 20:25:15,967 logger [INFO] [/home/mountain/workspace/CloudDisk/Draft00/src/CloudDiskServer.cc:operator()():171] 0 row in set
2025-05-06 20:27:18,115 logger [INFO] [/home/mountain/workspace/CloudDisk/Draft00/src/CloudDiskServer.cc:start():31] CloudDiskServer start success!
2025-05-06 20:27:54,873 logger [INFO] [/home/mountain/workspace/CloudDisk/Draft00/src/CloudDiskServer.cc:operator()():171] 0 row in set
2025-05-06 20:28:50,502 logger [INFO] [/home/mountain/workspace/CloudDisk/Draft00/src/CloudDiskServer.cc:start():31] CloudDiskServer start success!
2025-05-06 20:28:53,380 logger [INFO] [/home/mountain/workspace/CloudDisk/Draft00/src/CloudDiskServer.cc:operator()():171] 0 row in set
2025-05-06 20:29:20,050 logger [INFO] [/home/mountain/workspace/CloudDisk/Draft00/src/CloudDiskServer.cc:start():31] CloudDiskServer start success!
2025-05-06 20:29:24,584 logger [INFO] [/home/mountain/workspace/CloudDisk/Draft00/src/CloudDiskServer.cc:operator()():171] 0 row in set
2025-05-06 20:50:27,274 logger [INFO] [/home/mountain/workspace/CloudDisk/Draft00/src/CloudDiskServer.cc:start():31] CloudDiskServer start success!
2025-05-06 20:50:31,841 logger [INFO] [/home/mountain/workspace/CloudDisk/Draft00/src/CloudDiskServer.cc:operator()():171] 0 row in set
2025-05-06 20:50:53,125 logger [INFO] [/home/mountain/workspace/CloudDisk/Draft00/src/CloudDiskServer.cc:start():31] CloudDiskServer start success!
2025-05-06 20:50:57,120 logger [INFO] [/home/mountain/workspace/CloudDisk/Draft00/src/CloudDiskServer.cc:operator()():171] 0 row in set
2025-05-06 20:51:56,516 logger [INFO] [/home/mountain/workspace/CloudDisk/Draft00/src/CloudDiskServer.cc:start():31] CloudDiskServer start success!
2025-05-06 21:03:34,429 logger [INFO] [/home/mountain/workspace/CloudDisk/Draft00/src/CloudDiskServer.cc:start():31] CloudDiskServer start success!
2025-05-06 21:03:44,482 logger [INFO] [/home/mountain/workspace/CloudDisk/Draft00/src/CloudDiskServer.cc:operator()():172] 1 row in set
2025-05-06 21:04:42,308 logger [INFO] [/home/mountain/workspace/CloudDisk/Draft00/src/CloudDiskServer.cc:operator()():96] SignupService ip = 127.0.0.1, port = 1412
2025-05-06 21:04:42,342 logger [INFO] [/home/mountain/workspace/CloudDisk/Draft00/signup_server/signup_server.cc:Signup():25] username: asdf password: asdf
2025-05-06 21:04:42,349 logger [INFO] [/home/mountain/workspace/CloudDisk/Draft00/signup_server/signup_server.cc:Signup():30] salt: $6$gWZgFipQZz4QrXgQ$ encrypted_pwd: $6$gWZgFipQZz4QrXgQ$4YPHUO1nMwJ0kCyMezkpDPtb2F2diflGOUBihi19Q3/VIfgsGXNT2Xv/5X6EIKM9dRTGxux7KMgyEaxyUkE3./
2025-05-06 21:04:42,422 logger [ERROR] [/home/mountain/workspace/CloudDisk/Draft00/signup_server/signup_server.cc:operator()():55] ERROR 1364: Field 'id' doesn't have a default value
2025-05-06 21:05:21,018 logger [INFO] [/home/mountain/workspace/CloudDisk/Draft00/src/CloudDiskServer.cc:operator()():96] SignupService ip = 127.0.0.1, port = 1412
2025-05-06 21:05:21,019 logger [INFO] [/home/mountain/workspace/CloudDisk/Draft00/signup_server/signup_server.cc:Signup():25] username: asdf password: asdf
2025-05-06 21:05:21,022 logger [INFO] [/home/mountain/workspace/CloudDisk/Draft00/signup_server/signup_server.cc:Signup():30] salt: $6$goXwiHiV9MsCrRij$ encrypted_pwd: $6$goXwiHiV9MsCrRij$80KKBsCedOuaROsdylrWcvf6JjShI3WuIQRNe/uvDHQns58H8/By77R5nf.jGrLu8eKvPCtX0ILmx8UEVhSy6.
2025-05-06 21:05:21,027 logger [ERROR] [/home/mountain/workspace/CloudDisk/Draft00/signup_server/signup_server.cc:operator()():55] ERROR 1364: Field 'id' doesn't have a default value
2025-05-06 21:08:41,538 logger [INFO] [/home/mountain/workspace/CloudDisk/Draft00/src/CloudDiskServer.cc:operator()():96] SignupService ip = 127.0.0.1, port = 1412
2025-05-06 21:08:41,539 logger [INFO] [/home/mountain/workspace/CloudDisk/Draft00/signup_server/signup_server.cc:Signup():25] username: asdf password: asdf
2025-05-06 21:08:41,542 logger [INFO] [/home/mountain/workspace/CloudDisk/Draft00/signup_server/signup_server.cc:Signup():30] salt: $6$AxWcO9bpdWvnO6RU$ encrypted_pwd: $6$AxWcO9bpdWvnO6RU$8NB6Q0W9A2HELfY/Hk0FNb5jiu/8lrEjcoTgxEL0msBfAxBsQ.PHOgqABJG7OYKN9SR9WX52peDw4SwUuA5Vo1
2025-05-06 21:08:41,556 logger [INFO] [/home/mountain/workspace/CloudDisk/Draft00/signup_server/signup_server.cc:operator()():66] Query OK, 1 row affected
2025-05-06 21:08:48,625 logger [INFO] [/home/mountain/workspace/CloudDisk/Draft00/src/CloudDiskServer.cc:operator()():172] 1 row in set
2025-05-06 21:08:55,674 logger [INFO] [/home/mountain/workspace/CloudDisk/Draft00/src/CloudDiskServer.cc:operator()():172] 1 row in set
2025-05-06 21:09:21,991 logger [INFO] [/home/mountain/workspace/CloudDisk/Draft00/src/CloudDiskServer.cc:start():31] CloudDiskServer start success!
2025-05-06 21:09:30,561 logger [INFO] [/home/mountain/workspace/CloudDisk/Draft00/src/CloudDiskServer.cc:operator()():172] 1 row in set
2025-05-06 21:13:54,726 logger [INFO] [/home/mountain/workspace/CloudDisk/Draft00/src/CloudDiskServer.cc:start():31] CloudDiskServer start success!
2025-05-06 21:15:04,302 logger [INFO] [/home/mountain/workspace/CloudDisk/Draft00/src/CloudDiskServer.cc:operator()():96] SignupService ip = 127.0.0.1, port = 1412
2025-05-06 21:15:04,316 logger [INFO] [/home/mountain/workspace/CloudDisk/Draft00/signup_server/signup_server.cc:Signup():25] username: asdf password: asdf
2025-05-06 21:15:04,319 logger [INFO] [/home/mountain/workspace/CloudDisk/Draft00/signup_server/signup_server.cc:Signup():30] salt: $6$pzC4sAGx4BIsgy4o$ encrypted_pwd: $6$pzC4sAGx4BIsgy4o$Qhcx7ugkOwcnYm5tbRPK7oXoHH04W0nYBMdI/4Y9y5.Z/GyjeBs1I5UazDiSeBj7gQ.Yp5ELZCnXo9i6tBcxv.
2025-05-06 21:16:04,531 logger [INFO] [/home/mountain/workspace/CloudDisk/Draft00/src/CloudDiskServer.cc:operator()():172] 1 row in set
2025-05-06 21:16:04,536 logger [INFO] [/home/mountain/workspace/CloudDisk/Draft00/src/CloudDiskServer.cc:operator()():197] SET asdf eyJhbGciOiJIUzI1NiIsInR5cCI6IkpXUyJ9.eyJleHAiOjE3NDY1Mzc5NjQsImlzcyI6ImV4YW1wbGUuY29tIiwidXNlcm5hbWUiOiJhc2RmIn0.eRcEf0UB-n9MGo8Q-Hj8z87wThf9xYLAaYggstx9Qe0
2025-05-06 21:16:04,537 logger [INFO] [/home/mountain/workspace/CloudDisk/Draft00/src/CloudDiskServer.cc:operator()():212] {"data":{"Location":"/static/view/home.html","Token":"eyJhbGciOiJIUzI1NiIsInR5cCI6IkpXUyJ9.eyJleHAiOjE3NDY1Mzc5NjQsImlzcyI6ImV4YW1wbGUuY29tIiwidXNlcm5hbWUiOiJhc2RmIn0.eRcEf0UB-n9MGo8Q-Hj8z87wThf9xYLAaYggstx9Qe0","Username":"asdf"}}
2025-05-06 21:16:28,119 logger [INFO] [/home/mountain/workspace/CloudDisk/Draft00/src/CloudDiskServer.cc:operator()():96] SignupService ip = 127.0.0.1, port = 1412
2025-05-06 21:16:28,120 logger [INFO] [/home/mountain/workspace/CloudDisk/Draft00/signup_server/signup_server.cc:Signup():25] username: zxcv password: zxcv
2025-05-06 21:16:28,125 logger [INFO] [/home/mountain/workspace/CloudDisk/Draft00/signup_server/signup_server.cc:Signup():30] salt: $6$r72ETt1V4beir7EV$ encrypted_pwd: $6$r72ETt1V4beir7EV$avd1839oZKIsk715OfXpP/bRh.ousLAq3vSghfi3EjIdcFch8Vguc9XLvknlvqVQ8La3RFHPnuVDCr6fB2Jhw1
2025-05-06 21:22:59,735 logger [INFO] [/home/mountain/workspace/CloudDisk/Draft00/src/CloudDiskServer.cc:operator()():172] 1 row in set
2025-05-06 21:22:59,766 logger [INFO] [/home/mountain/workspace/CloudDisk/Draft00/src/CloudDiskServer.cc:operator()():197] SET asdf eyJhbGciOiJIUzI1NiIsInR5cCI6IkpXUyJ9.eyJleHAiOjE3NDY1MzgzNzksImlzcyI6ImV4YW1wbGUuY29tIiwidXNlcm5hbWUiOiJhc2RmIn0.cwfYw_UHkHx_h0Wl49bxJKaX9_KRO2_Qz9wcEalWnbw
2025-05-06 21:22:59,766 logger [INFO] [/home/mountain/workspace/CloudDisk/Draft00/src/CloudDiskServer.cc:operator()():212] {"data":{"Location":"/static/view/home.html","Token":"eyJhbGciOiJIUzI1NiIsInR5cCI6IkpXUyJ9.eyJleHAiOjE3NDY1MzgzNzksImlzcyI6ImV4YW1wbGUuY29tIiwidXNlcm5hbWUiOiJhc2RmIn0.cwfYw_UHkHx_h0Wl49bxJKaX9_KRO2_Qz9wcEalWnbw","Username":"asdf"}}
